Archive member included to satisfy reference by file (symbol)

d:/ac6/systemworkbench/plugins/fr.ac6.mcu.externaltools.arm-none.win32_1.7.0.201602121829/tools/compiler/bin/../lib/gcc/arm-none-eabi/5.2.1/armv6-m\libgcc.a(_udivsi3.o)
                              Application/User/main.o (__aeabi_uidiv)
d:/ac6/systemworkbench/plugins/fr.ac6.mcu.externaltools.arm-none.win32_1.7.0.201602121829/tools/compiler/bin/../lib/gcc/arm-none-eabi/5.2.1/armv6-m\libgcc.a(_dvmd_tls.o)
                              d:/ac6/systemworkbench/plugins/fr.ac6.mcu.externaltools.arm-none.win32_1.7.0.201602121829/tools/compiler/bin/../lib/gcc/arm-none-eabi/5.2.1/armv6-m\libgcc.a(_udivsi3.o) (__aeabi_idiv0)
d:/ac6/systemworkbench/plugins/fr.ac6.mcu.externaltools.arm-none.win32_1.7.0.201602121829/tools/compiler/bin/../lib/gcc/arm-none-eabi/5.2.1/armv6-m\libgcc.a(_lshrdi3.o)
                              Drivers/STM32F0xx_HAL_Driver/stm32f0xx_hal_flash.o (__aeabi_llsr)
d:/ac6/systemworkbench/plugins/fr.ac6.mcu.externaltools.arm-none.win32_1.7.0.201602121829/tools/compiler/bin/../lib/gcc/arm-none-eabi/5.2.1/../../../../arm-none-eabi/lib/armv6-m\libc_nano.a(lib_a-exit.o)
                              d:/ac6/systemworkbench/plugins/fr.ac6.mcu.externaltools.arm-none.win32_1.7.0.201602121829/tools/compiler/bin/../lib/gcc/arm-none-eabi/5.2.1/../../../../arm-none-eabi/lib/armv6-m/crt0.o (exit)
d:/ac6/systemworkbench/plugins/fr.ac6.mcu.externaltools.arm-none.win32_1.7.0.201602121829/tools/compiler/bin/../lib/gcc/arm-none-eabi/5.2.1/../../../../arm-none-eabi/lib/armv6-m\libc_nano.a(lib_a-impure.o)
                              d:/ac6/systemworkbench/plugins/fr.ac6.mcu.externaltools.arm-none.win32_1.7.0.201602121829/tools/compiler/bin/../lib/gcc/arm-none-eabi/5.2.1/../../../../arm-none-eabi/lib/armv6-m\libc_nano.a(lib_a-exit.o) (_global_impure_ptr)
d:/ac6/systemworkbench/plugins/fr.ac6.mcu.externaltools.arm-none.win32_1.7.0.201602121829/tools/compiler/bin/../lib/gcc/arm-none-eabi/5.2.1/../../../../arm-none-eabi/lib/armv6-m\libc_nano.a(lib_a-init.o)
                              d:/ac6/systemworkbench/plugins/fr.ac6.mcu.externaltools.arm-none.win32_1.7.0.201602121829/tools/compiler/bin/../lib/gcc/arm-none-eabi/5.2.1/../../../../arm-none-eabi/lib/armv6-m/crt0.o (__libc_init_array)
d:/ac6/systemworkbench/plugins/fr.ac6.mcu.externaltools.arm-none.win32_1.7.0.201602121829/tools/compiler/bin/../lib/gcc/arm-none-eabi/5.2.1/../../../../arm-none-eabi/lib/armv6-m\libc_nano.a(lib_a-memcpy-stub.o)
                              Drivers/STM32F0xx_HAL_Driver/stm32f0xx_hal_rcc.o (memcpy)
d:/ac6/systemworkbench/plugins/fr.ac6.mcu.externaltools.arm-none.win32_1.7.0.201602121829/tools/compiler/bin/../lib/gcc/arm-none-eabi/5.2.1/../../../../arm-none-eabi/lib/armv6-m\libc_nano.a(lib_a-memset.o)
                              d:/ac6/systemworkbench/plugins/fr.ac6.mcu.externaltools.arm-none.win32_1.7.0.201602121829/tools/compiler/bin/../lib/gcc/arm-none-eabi/5.2.1/../../../../arm-none-eabi/lib/armv6-m/crt0.o (memset)
d:/ac6/systemworkbench/plugins/fr.ac6.mcu.externaltools.arm-none.win32_1.7.0.201602121829/tools/compiler/bin/../lib/gcc/arm-none-eabi/5.2.1/../../../../arm-none-eabi/lib/armv6-m\libnosys.a(_exit.o)
                              d:/ac6/systemworkbench/plugins/fr.ac6.mcu.externaltools.arm-none.win32_1.7.0.201602121829/tools/compiler/bin/../lib/gcc/arm-none-eabi/5.2.1/../../../../arm-none-eabi/lib/armv6-m\libc_nano.a(lib_a-exit.o) (_exit)

Allocating common symbols
Common symbol       size              file

pFlash              0x20              Drivers/STM32F0xx_HAL_Driver/stm32f0xx_hal_flash.o

Discarded input sections

 .text          0x00000000        0x0 d:/ac6/systemworkbench/plugins/fr.ac6.mcu.externaltools.arm-none.win32_1.7.0.201602121829/tools/compiler/bin/../lib/gcc/arm-none-eabi/5.2.1/armv6-m/crti.o
 .data          0x00000000        0x0 d:/ac6/systemworkbench/plugins/fr.ac6.mcu.externaltools.arm-none.win32_1.7.0.201602121829/tools/compiler/bin/../lib/gcc/arm-none-eabi/5.2.1/armv6-m/crti.o
 .bss           0x00000000        0x0 d:/ac6/systemworkbench/plugins/fr.ac6.mcu.externaltools.arm-none.win32_1.7.0.201602121829/tools/compiler/bin/../lib/gcc/arm-none-eabi/5.2.1/armv6-m/crti.o
 .data          0x00000000        0x4 d:/ac6/systemworkbench/plugins/fr.ac6.mcu.externaltools.arm-none.win32_1.7.0.201602121829/tools/compiler/bin/../lib/gcc/arm-none-eabi/5.2.1/armv6-m/crtbegin.o
 .text          0x00000000       0x78 d:/ac6/systemworkbench/plugins/fr.ac6.mcu.externaltools.arm-none.win32_1.7.0.201602121829/tools/compiler/bin/../lib/gcc/arm-none-eabi/5.2.1/../../../../arm-none-eabi/lib/armv6-m/crt0.o
 .data          0x00000000        0x0 d:/ac6/systemworkbench/plugins/fr.ac6.mcu.externaltools.arm-none.win32_1.7.0.201602121829/tools/compiler/bin/../lib/gcc/arm-none-eabi/5.2.1/../../../../arm-none-eabi/lib/armv6-m/crt0.o
[...]
Memory Configuration

Name             Origin             Length             Attributes
FLASH            0x08000000         0x00010000         xr
RAM              0x20000000         0x00002000         xrw
*default*        0x00000000         0xffffffff

Linker script and memory map

LOAD d:/ac6/systemworkbench/plugins/fr.ac6.mcu.externaltools.arm-none.win32_1.7.0.201602121829/tools/compiler/bin/../lib/gcc/arm-none-eabi/5.2.1/armv6-m/crti.o
LOAD d:/ac6/systemworkbench/plugins/fr.ac6.mcu.externaltools.arm-none.win32_1.7.0.201602121829/tools/compiler/bin/../lib/gcc/arm-none-eabi/5.2.1/armv6-m/crtbegin.o
LOAD d:/ac6/systemworkbench/plugins/fr.ac6.mcu.externaltools.arm-none.win32_1.7.0.201602121829/tools/compiler/bin/../lib/gcc/arm-none-eabi/5.2.1/../../../../arm-none-eabi/lib/armv6-m/crt0.o
LOAD d:/ac6/systemworkbench/plugins/fr.ac6.mcu.externaltools.arm-none.win32_1.7.0.201602121829/tools/compiler/bin/../lib/gcc/arm-none-eabi/5.2.1/../../../../arm-none-eabi/lib/armv6-m\libm.a
LOAD Application/SW4STM32/startup_stm32f051x8.o
LOAD Application/User/main.o
LOAD Application/User/stm32f0xx_hal_msp.o
LOAD Application/User/stm32f0xx_it.o
LOAD Drivers/CMSIS/system_stm32f0xx.o
LOAD Drivers/STM32F0xx_HAL_Driver/stm32f0xx_hal.o
LOAD Drivers/STM32F0xx_HAL_Driver/stm32f0xx_hal_cortex.o
LOAD Drivers/STM32F0xx_HAL_Driver/stm32f0xx_hal_dma.o
LOAD Drivers/STM32F0xx_HAL_Driver/stm32f0xx_hal_flash.o
LOAD Drivers/STM32F0xx_HAL_Driver/stm32f0xx_hal_flash_ex.o
LOAD Drivers/STM32F0xx_HAL_Driver/stm32f0xx_hal_gpio.o
LOAD Drivers/STM32F0xx_HAL_Driver/stm32f0xx_hal_pwr.o
LOAD Drivers/STM32F0xx_HAL_Driver/stm32f0xx_hal_pwr_ex.o
LOAD Drivers/STM32F0xx_HAL_Driver/stm32f0xx_hal_rcc.o
LOAD Drivers/STM32F0xx_HAL_Driver/stm32f0xx_hal_rcc_ex.o
LOAD Drivers/STM32F0xx_HAL_Driver/stm32f0xx_hal_rtc.o
LOAD Drivers/STM32F0xx_HAL_Driver/stm32f0xx_hal_rtc_ex.o
LOAD Drivers/STM32F0xx_HAL_Driver/stm32f0xx_hal_tim.o
LOAD Drivers/STM32F0xx_HAL_Driver/stm32f0xx_hal_tim_ex.o
START GROUP
LOAD d:/ac6/systemworkbench/plugins/fr.ac6.mcu.externaltools.arm-none.win32_1.7.0.201602121829/tools/compiler/bin/../lib/gcc/arm-none-eabi/5.2.1/armv6-m\libgcc.a
LOAD d:/ac6/systemworkbench/plugins/fr.ac6.mcu.externaltools.arm-none.win32_1.7.0.201602121829/tools/compiler/bin/../lib/gcc/arm-none-eabi/5.2.1/../../../../arm-none-eabi/lib/armv6-m\libc_nano.a
END GROUP
START GROUP
LOAD d:/ac6/systemworkbench/plugins/fr.ac6.mcu.externaltools.arm-none.win32_1.7.0.201602121829/tools/compiler/bin/../lib/gcc/arm-none-eabi/5.2.1/armv6-m\libgcc.a
LOAD d:/ac6/systemworkbench/plugins/fr.ac6.mcu.externaltools.arm-none.win32_1.7.0.201602121829/tools/compiler/bin/../lib/gcc/arm-none-eabi/5.2.1/../../../../arm-none-eabi/lib/armv6-m\libc_nano.a
LOAD d:/ac6/systemworkbench/plugins/fr.ac6.mcu.externaltools.arm-none.win32_1.7.0.201602121829/tools/compiler/bin/../lib/gcc/arm-none-eabi/5.2.1/../../../../arm-none-eabi/lib/armv6-m\libnosys.a
END GROUP
START GROUP
LOAD d:/ac6/systemworkbench/plugins/fr.ac6.mcu.externaltools.arm-none.win32_1.7.0.201602121829/tools/compiler/bin/../lib/gcc/arm-none-eabi/5.2.1/armv6-m\libgcc.a
LOAD d:/ac6/systemworkbench/plugins/fr.ac6.mcu.externaltools.arm-none.win32_1.7.0.201602121829/tools/compiler/bin/../lib/gcc/arm-none-eabi/5.2.1/../../../../arm-none-eabi/lib/armv6-m\libc_nano.a
LOAD d:/ac6/systemworkbench/plugins/fr.ac6.mcu.externaltools.arm-none.win32_1.7.0.201602121829/tools/compiler/bin/../lib/gcc/arm-none-eabi/5.2.1/../../../../arm-none-eabi/lib/armv6-m\libnosys.a
END GROUP
LOAD d:/ac6/systemworkbench/plugins/fr.ac6.mcu.externaltools.arm-none.win32_1.7.0.201602121829/tools/compiler/bin/../lib/gcc/arm-none-eabi/5.2.1/armv6-m/crtend.o
LOAD d:/ac6/systemworkbench/plugins/fr.ac6.mcu.externaltools.arm-none.win32_1.7.0.201602121829/tools/compiler/bin/../lib/gcc/arm-none-eabi/5.2.1/armv6-m/crtn.o
                0x20002000                _estack = 0x20002000
                0x00000400                _Min_Heap_Size = 0x400
                0x00000200                _Min_Stack_Size = 0x200

.isr_vector     0x08000000       0xc0
                0x08000000                . = ALIGN (0x4)
 *(.isr_vector)
 .isr_vector    0x08000000       0xc0 Application/SW4STM32/startup_stm32f051x8.o
                0x08000000                g_pfnVectors
                0x080000c0                . = ALIGN (0x4)

.text           0x080000c0      0xc64
                0x080000c0                . = ALIGN (0x4)
 *(.text)
 .text          0x080000c0       0xb4 d:/ac6/systemworkbench/plugins/fr.ac6.mcu.externaltools.arm-none.win32_1.7.0.201602121829/tools/compiler/bin/../lib/gcc/arm-none-eabi/5.2.1/armv6-m/crtbegin.o
 .text          0x08000174      0x114 d:/ac6/systemworkbench/plugins/fr.ac6.mcu.externaltools.arm-none.win32_1.7.0.201602121829/tools/compiler/bin/../lib/gcc/arm-none-eabi/5.2.1/armv6-m\libgcc.a(_udivsi3.o)
                0x08000174                __aeabi_uidiv
                0x08000174                __udivsi3
                0x08000280                __aeabi_uidivmod
 .text          0x08000288        0x4 d:/ac6/systemworkbench/plugins/fr.ac6.mcu.externaltools.arm-none.win32_1.7.0.201602121829/tools/compiler/bin/../lib/gcc/arm-none-eabi/5.2.1/armv6-m\libgcc.a(_dvmd_tls.o)
                0x08000288                __aeabi_idiv0
                0x08000288                __aeabi_ldiv0
 *(.text*)
 .text.Reset_Handler
                0x0800028c       0x50 Application/SW4STM32/startup_stm32f051x8.o
                0x0800028c                Reset_Handler
 .text.Default_Handler
                0x080002dc        0x2 Application/SW4STM32/startup_stm32f051x8.o
                0x080002dc                TIM1_CC_IRQHandler
                0x080002dc                TSC_IRQHandler
                0x080002dc                HardFault_Handler
                0x080002dc                ADC1_COMP_IRQHandler
                0x080002dc                PVD_IRQHandler
                0x080002dc                PendSV_Handler
                0x080002dc                NMI_Handler
                0x080002dc                I2C1_IRQHandler
                0x080002dc                RCC_CRS_IRQHandler
                0x080002dc                SPI1_IRQHandler
                0x080002dc                TIM6_DAC_IRQHandler
                0x080002dc                EXTI2_3_IRQHandler
                0x080002dc                I2C2_IRQHandler
                0x080002dc                TIM17_IRQHandler
                0x080002dc                CEC_CAN_IRQHandler
                0x080002dc                RTC_IRQHandler
                0x080002dc                TIM16_IRQHandler
                0x080002dc                TIM3_IRQHandler
                0x080002dc                EXTI4_15_IRQHandler
                0x080002dc                DMA1_Channel1_IRQHandler
                0x080002dc                Default_Handler
                0x080002dc                TIM14_IRQHandler
                0x080002dc                DMA1_Channel4_5_IRQHandler
                0x080002dc                TIM15_IRQHandler
                0x080002dc                EXTI0_1_IRQHandler
                0x080002dc                SPI2_IRQHandler
                0x080002dc                SVC_Handler
                0x080002dc                WWDG_IRQHandler
                0x080002dc                TIM2_IRQHandler
                0x080002dc                DMA1_Channel2_3_IRQHandler
                0x080002dc                USART2_IRQHandler
                0x080002dc                FLASH_IRQHandler
                0x080002dc                USART1_IRQHandler
                0x080002dc                TIM1_BRK_UP_TRG_COM_IRQHandler
 .text.SystemClock_Config
                0x080002de       0x52 Application/User/main.o
                0x080002de                SystemClock_Config
 .text.startup.main
                0x08000330       0xa4 Application/User/main.o
                0x08000330                main
 .text.HAL_MspInit
                0x080003d4       0x28 Application/User/stm32f0xx_hal_msp.o
                0x080003d4                HAL_MspInit
 .text.SysTick_Handler
                0x080003fc        0xc Application/User/stm32f0xx_it.o
                0x080003fc                SysTick_Handler
 .text.SystemInit
                0x08000408       0x60 Drivers/CMSIS/system_stm32f0xx.o
                0x08000408                SystemInit
 .text.HAL_InitTick
                0x08000468       0x24 Drivers/STM32F0xx_HAL_Driver/stm32f0xx_hal.o
                0x08000468                HAL_InitTick
 .text.HAL_Init
                0x0800048c       0x20 Drivers/STM32F0xx_HAL_Driver/stm32f0xx_hal.o
                0x0800048c                HAL_Init
 .text.HAL_IncTick
                0x080004ac       0x10 Drivers/STM32F0xx_HAL_Driver/stm32f0xx_hal.o
                0x080004ac                HAL_IncTick
 .text.HAL_GetTick
                0x080004bc        0xc Drivers/STM32F0xx_HAL_Driver/stm32f0xx_hal.o
                0x080004bc                HAL_GetTick
 .text.HAL_NVIC_SetPriority
                0x080004c8       0x60 Drivers/STM32F0xx_HAL_Driver/stm32f0xx_hal_cortex.o
                0x080004c8                HAL_NVIC_SetPriority
 .text.HAL_SYSTICK_Config
                0x08000528       0x34 Drivers/STM32F0xx_HAL_Driver/stm32f0xx_hal_cortex.o
                0x08000528                HAL_SYSTICK_Config
 .text.HAL_SYSTICK_CLKSourceConfig
                0x0800055c       0x1c Drivers/STM32F0xx_HAL_Driver/stm32f0xx_hal_cortex.o
                0x0800055c                HAL_SYSTICK_CLKSourceConfig
 .text.HAL_SYSTICK_Callback
                0x08000578        0x2 Drivers/STM32F0xx_HAL_Driver/stm32f0xx_hal_cortex.o
                0x08000578                HAL_SYSTICK_Callback
 .text.HAL_SYSTICK_IRQHandler
                0x0800057a        0x8 Drivers/STM32F0xx_HAL_Driver/stm32f0xx_hal_cortex.o
                0x0800057a                HAL_SYSTICK_IRQHandler
 *fill*         0x08000582        0x2 
 .text.HAL_GPIO_Init
                0x08000584      0x15c Drivers/STM32F0xx_HAL_Driver/stm32f0xx_hal_gpio.o
                0x08000584                HAL_GPIO_Init
 .text.HAL_GPIO_ReadPin
                0x080006e0        0xc Drivers/STM32F0xx_HAL_Driver/stm32f0xx_hal_gpio.o
                0x080006e0                HAL_GPIO_ReadPin
 .text.HAL_GPIO_WritePin
                0x080006ec        0xc Drivers/STM32F0xx_HAL_Driver/stm32f0xx_hal_gpio.o
                0x080006ec                HAL_GPIO_WritePin
 .text.HAL_RCC_OscConfig
                0x080006f8      0x414 Drivers/STM32F0xx_HAL_Driver/stm32f0xx_hal_rcc.o
                0x080006f8                HAL_RCC_OscConfig
 .text.HAL_RCC_ClockConfig
                0x08000b0c      0x110 Drivers/STM32F0xx_HAL_Driver/stm32f0xx_hal_rcc.o
                0x08000b0c                HAL_RCC_ClockConfig
 .text.HAL_RCC_GetSysClockFreq
                0x08000c1c       0x64 Drivers/STM32F0xx_HAL_Driver/stm32f0xx_hal_rcc.o
                0x08000c1c                HAL_RCC_GetSysClockFreq
 .text.HAL_RCC_GetHCLKFreq
                0x08000c80       0x2c Drivers/STM32F0xx_HAL_Driver/stm32f0xx_hal_rcc.o
                0x08000c80                HAL_RCC_GetHCLKFreq
 .text.__libc_init_array
                0x08000cac       0x4c d:/ac6/systemworkbench/plugins/fr.ac6.mcu.externaltools.arm-none.win32_1.7.0.201602121829/tools/compiler/bin/../lib/gcc/arm-none-eabi/5.2.1/../../../../arm-none-eabi/lib/armv6-m\libc_nano.a(lib_a-init.o)
                0x08000cac                __libc_init_array
 .text.memcpy   0x08000cf8       0x12 d:/ac6/systemworkbench/plugins/fr.ac6.mcu.externaltools.arm-none.win32_1.7.0.201602121829/tools/compiler/bin/../lib/gcc/arm-none-eabi/5.2.1/../../../../arm-none-eabi/lib/armv6-m\libc_nano.a(lib_a-memcpy-stub.o)
                0x08000cf8                memcpy
 *(.glue_7)
 .glue_7        0x08000d0a        0x0 linker stubs
 *(.glue_7t)
 .glue_7t       0x08000d0a        0x0 linker stubs
 *(.eh_frame)
 *fill*         0x08000d0a        0x2 
 .eh_frame      0x08000d0c        0x0 d:/ac6/systemworkbench/plugins/fr.ac6.mcu.externaltools.arm-none.win32_1.7.0.201602121829/tools/compiler/bin/../lib/gcc/arm-none-eabi/5.2.1/armv6-m/crtbegin.o
 *(.init)
 .init          0x08000d0c        0x4 d:/ac6/systemworkbench/plugins/fr.ac6.mcu.externaltools.arm-none.win32_1.7.0.201602121829/tools/compiler/bin/../lib/gcc/arm-none-eabi/5.2.1/armv6-m/crti.o
                0x08000d0c                _init
 .init          0x08000d10        0x8 d:/ac6/systemworkbench/plugins/fr.ac6.mcu.externaltools.arm-none.win32_1.7.0.201602121829/tools/compiler/bin/../lib/gcc/arm-none-eabi/5.2.1/armv6-m/crtn.o
 *(.fini)
 .fini          0x08000d18        0x4 d:/ac6/systemworkbench/plugins/fr.ac6.mcu.externaltools.arm-none.win32_1.7.0.201602121829/tools/compiler/bin/../lib/gcc/arm-none-eabi/5.2.1/armv6-m/crti.o
                0x08000d18                _fini
 .fini          0x08000d1c        0x8 d:/ac6/systemworkbench/plugins/fr.ac6.mcu.externaltools.arm-none.win32_1.7.0.201602121829/tools/compiler/bin/../lib/gcc/arm-none-eabi/5.2.1/armv6-m/crtn.o
                0x08000d24                . = ALIGN (0x4)
                0x08000d24                _etext = .

.vfp11_veneer   0x08000d24        0x0
 .vfp11_veneer  0x08000d24        0x0 linker stubs

.v4_bx          0x08000d24        0x0
 .v4_bx         0x08000d24        0x0 linker stubs

.iplt           0x08000d24        0x0
 .iplt          0x08000d24        0x0 d:/ac6/systemworkbench/plugins/fr.ac6.mcu.externaltools.arm-none.win32_1.7.0.201602121829/tools/compiler/bin/../lib/gcc/arm-none-eabi/5.2.1/armv6-m/crtbegin.o

.rodata         0x08000d24       0x30
                0x08000d24                . = ALIGN (0x4)
 *(.rodata)
 .rodata        0x08000d24       0x30 Drivers/STM32F0xx_HAL_Driver/stm32f0xx_hal_rcc.o
                0x08000d44                aAPBAHBPrescTable
 *(.rodata*)
                0x08000d54                . = ALIGN (0x4)

.rel.dyn        0x08000d54        0x0
 .rel.iplt      0x08000d54        0x0 d:/ac6/systemworkbench/plugins/fr.ac6.mcu.externaltools.arm-none.win32_1.7.0.201602121829/tools/compiler/bin/../lib/gcc/arm-none-eabi/5.2.1/armv6-m/crtbegin.o

.ARM.extab
 *(.ARM.extab* .gnu.linkonce.armextab.*)

.ARM            0x08000d54        0x0
                0x08000d54                __exidx_start = .
 *(.ARM.exidx*)
                0x08000d54                __exidx_end = .

.preinit_array  0x08000d54        0x0
                0x08000d54                PROVIDE (__preinit_array_start, .)
 *(.preinit_array*)
                0x08000d54                PROVIDE (__preinit_array_end, .)

.init_array     0x08000d54        0x4
                0x08000d54                PROVIDE (__init_array_start, .)
 *(SORT(.init_array.*))
 *(.init_array*)
 .init_array    0x08000d54        0x4 d:/ac6/systemworkbench/plugins/fr.ac6.mcu.externaltools.arm-none.win32_1.7.0.201602121829/tools/compiler/bin/../lib/gcc/arm-none-eabi/5.2.1/armv6-m/crtbegin.o
                0x08000d58                PROVIDE (__init_array_end, .)

.fini_array     0x08000d58        0x4
                [!provide]                PROVIDE (__fini_array_start, .)
 *(SORT(.fini_array.*))
 *(.fini_array*)
 .fini_array    0x08000d58        0x4 d:/ac6/systemworkbench/plugins/fr.ac6.mcu.externaltools.arm-none.win32_1.7.0.201602121829/tools/compiler/bin/../lib/gcc/arm-none-eabi/5.2.1/armv6-m/crtbegin.o
                [!provide]                PROVIDE (__fini_array_end, .)
                0x08000d5c                _sidata = LOADADDR (.data)

.data           0x20000000        0x4 load address 0x08000d5c
                0x20000000                . = ALIGN (0x4)
                0x20000000                _sdata = .
 *(.data)
 .data          0x20000000        0x4 Drivers/CMSIS/system_stm32f0xx.o
                0x20000000                SystemCoreClock
 *(.data*)
                0x20000004                . = ALIGN (0x4)
                0x20000004                _edata = .

.jcr            0x20000004        0x0 load address 0x08000d60
 .jcr           0x20000004        0x0 d:/ac6/systemworkbench/plugins/fr.ac6.mcu.externaltools.arm-none.win32_1.7.0.201602121829/tools/compiler/bin/../lib/gcc/arm-none-eabi/5.2.1/armv6-m/crtbegin.o

.tm_clone_table
                0x20000004        0x0 load address 0x08000d60
 .tm_clone_table
                0x20000004        0x0 d:/ac6/systemworkbench/plugins/fr.ac6.mcu.externaltools.arm-none.win32_1.7.0.201602121829/tools/compiler/bin/../lib/gcc/arm-none-eabi/5.2.1/armv6-m/crtbegin.o
 .tm_clone_table
                0x20000004        0x0 d:/ac6/systemworkbench/plugins/fr.ac6.mcu.externaltools.arm-none.win32_1.7.0.201602121829/tools/compiler/bin/../lib/gcc/arm-none-eabi/5.2.1/armv6-m/crtend.o

.igot.plt       0x20000004        0x0 load address 0x08000d60
 .igot.plt      0x20000004        0x0 d:/ac6/systemworkbench/plugins/fr.ac6.mcu.externaltools.arm-none.win32_1.7.0.201602121829/tools/compiler/bin/../lib/gcc/arm-none-eabi/5.2.1/armv6-m/crtbegin.o
                0x20000004                . = ALIGN (0x4)

.bss            0x20000004       0x20 load address 0x08000d60
                0x20000004                _sbss = .
                0x20000004                __bss_start__ = _sbss
 *(.bss)
 .bss           0x20000004       0x1c d:/ac6/systemworkbench/plugins/fr.ac6.mcu.externaltools.arm-none.win32_1.7.0.201602121829/tools/compiler/bin/../lib/gcc/arm-none-eabi/5.2.1/armv6-m/crtbegin.o
 .bss           0x20000020        0x4 Drivers/STM32F0xx_HAL_Driver/stm32f0xx_hal.o
 *(.bss*)
 *(COMMON)
                0x20000024                . = ALIGN (0x4)
                0x20000024                _ebss = .
                0x20000024                __bss_end__ = _ebss

._user_heap_stack
                0x20000024      0x604 load address 0x08000d60
                0x20000028                . = ALIGN (0x8)
 *fill*         0x20000024        0x4 
                [!provide]                PROVIDE (end, .)
                [!provide]                PROVIDE (_end, .)
                0x20000428                . = (. + _Min_Heap_Size)
 *fill*         0x20000028      0x400 
                0x20000628                . = (. + _Min_Stack_Size)
 *fill*         0x20000428      0x200 
                0x20000628                . = ALIGN (0x8)

/DISCARD/
 libc.a(*)
 libm.a(*)
 libgcc.a(*)

.ARM.attributes
                0x00000000       0x28
 *(.ARM.attributes)
 .ARM.attributes
                0x00000000       0x1e d:/ac6/systemworkbench/plugins/fr.ac6.mcu.externaltools.arm-none.win32_1.7.0.201602121829/tools/compiler/bin/../lib/gcc/arm-none-eabi/5.2.1/armv6-m/crti.o
 .ARM.attributes
                0x0000001e       0x2c d:/ac6/systemworkbench/plugins/fr.ac6.mcu.externaltools.arm-none.win32_1.7.0.201602121829/tools/compiler/bin/../lib/gcc/arm-none-eabi/5.2.1/armv6-m/crtbegin.o
 .ARM.attributes
                0x0000004a       0x21 Application/SW4STM32/startup_stm32f051x8.o
 .ARM.attributes
                0x0000006b       0x31 Application/User/main.o
 .ARM.attributes
                0x0000009c       0x31 Application/User/stm32f0xx_hal_msp.o
 .ARM.attributes
                0x000000cd       0x31 Application/User/stm32f0xx_it.o
 .ARM.attributes
                0x000000fe       0x31 Drivers/CMSIS/system_stm32f0xx.o
 .ARM.attributes
                0x0000012f       0x31 Drivers/STM32F0xx_HAL_Driver/stm32f0xx_hal.o
 .ARM.attributes
                0x00000160       0x31 Drivers/STM32F0xx_HAL_Driver/stm32f0xx_hal_cortex.o
 .ARM.attributes
                0x00000191       0x31 Drivers/STM32F0xx_HAL_Driver/stm32f0xx_hal_gpio.o
 .ARM.attributes
                0x000001c2       0x31 Drivers/STM32F0xx_HAL_Driver/stm32f0xx_hal_rcc.o
 .ARM.attributes
                0x000001f3       0x1e d:/ac6/systemworkbench/plugins/fr.ac6.mcu.externaltools.arm-none.win32_1.7.0.201602121829/tools/compiler/bin/../lib/gcc/arm-none-eabi/5.2.1/armv6-m\libgcc.a(_udivsi3.o)
 .ARM.attributes
                0x00000211       0x1e d:/ac6/systemworkbench/plugins/fr.ac6.mcu.externaltools.arm-none.win32_1.7.0.201602121829/tools/compiler/bin/../lib/gcc/arm-none-eabi/5.2.1/armv6-m\libgcc.a(_dvmd_tls.o)
 .ARM.attributes
                0x0000022f       0x2c d:/ac6/systemworkbench/plugins/fr.ac6.mcu.externaltools.arm-none.win32_1.7.0.201602121829/tools/compiler/bin/../lib/gcc/arm-none-eabi/5.2.1/../../../../arm-none-eabi/lib/armv6-m\libc_nano.a(lib_a-init.o)
 .ARM.attributes
                0x0000025b       0x2c d:/ac6/systemworkbench/plugins/fr.ac6.mcu.externaltools.arm-none.win32_1.7.0.201602121829/tools/compiler/bin/../lib/gcc/arm-none-eabi/5.2.1/../../../../arm-none-eabi/lib/armv6-m\libc_nano.a(lib_a-memcpy-stub.o)
 .ARM.attributes
                0x00000287       0x2c d:/ac6/systemworkbench/plugins/fr.ac6.mcu.externaltools.arm-none.win32_1.7.0.201602121829/tools/compiler/bin/../lib/gcc/arm-none-eabi/5.2.1/armv6-m/crtend.o
 .ARM.attributes
                0x000002b3       0x1e d:/ac6/systemworkbench/plugins/fr.ac6.mcu.externaltools.arm-none.win32_1.7.0.201602121829/tools/compiler/bin/../lib/gcc/arm-none-eabi/5.2.1/armv6-m/crtn.o
OUTPUT(STM32F0-GPIOTutorial1.elf elf32-littlearm)

.debug_line     0x00000000     0x4a07
 .debug_line    0x00000000      0x101 Application/SW4STM32/startup_stm32f051x8.o
 .debug_line    0x00000101      0x860 Application/User/main.o
 .debug_line    0x00000961      0x820 Application/User/stm32f0xx_hal_msp.o
 .debug_line    0x00001181      0x81e Application/User/stm32f0xx_it.o
 .debug_line    0x0000199f      0x87d Drivers/CMSIS/system_stm32f0xx.o
 .debug_line    0x0000221c      0x961 Drivers/STM32F0xx_HAL_Driver/stm32f0xx_hal.o
 .debug_line    0x00002b7d      0x9b0 Drivers/STM32F0xx_HAL_Driver/stm32f0xx_hal_cortex.o
 .debug_line    0x0000352d      0x99f Drivers/STM32F0xx_HAL_Driver/stm32f0xx_hal_gpio.o
 .debug_line    0x00003ecc      0xb3b Drivers/STM32F0xx_HAL_Driver/stm32f0xx_hal_rcc.o

.debug_info     0x00000000     0x2aef
 .debug_info    0x00000000      0x13b Application/SW4STM32/startup_stm32f051x8.o
 .debug_info    0x0000013b      0x766 Application/User/main.o
 .debug_info    0x000008a1      0x297 Application/User/stm32f0xx_hal_msp.o
 .debug_info    0x00000b38       0xc4 Application/User/stm32f0xx_it.o
 .debug_info    0x00000bfc      0x220 Drivers/CMSIS/system_stm32f0xx.o
 .debug_info    0x00000e1c      0x5a2 Drivers/STM32F0xx_HAL_Driver/stm32f0xx_hal.o
 .debug_info    0x000013be      0x7b1 Drivers/STM32F0xx_HAL_Driver/stm32f0xx_hal_cortex.o
 .debug_info    0x00001b6f      0x5ec Drivers/STM32F0xx_HAL_Driver/stm32f0xx_hal_gpio.o
 .debug_info    0x0000215b      0x994 Drivers/STM32F0xx_HAL_Driver/stm32f0xx_hal_rcc.o

.debug_abbrev   0x00000000      0xccc
 .debug_abbrev  0x00000000       0x12 Application/SW4STM32/startup_stm32f051x8.o
 .debug_abbrev  0x00000012      0x1e4 Application/User/main.o
 .debug_abbrev  0x000001f6       0xf4 Application/User/stm32f0xx_hal_msp.o
 .debug_abbrev  0x000002ea       0x74 Application/User/stm32f0xx_it.o
 .debug_abbrev  0x0000035e       0xf3 Drivers/CMSIS/system_stm32f0xx.o
 .debug_abbrev  0x00000451      0x207 Drivers/STM32F0xx_HAL_Driver/stm32f0xx_hal.o
 .debug_abbrev  0x00000658      0x276 Drivers/STM32F0xx_HAL_Driver/stm32f0xx_hal_cortex.o
 .debug_abbrev  0x000008ce      0x1e1 Drivers/STM32F0xx_HAL_Driver/stm32f0xx_hal_gpio.o
 .debug_abbrev  0x00000aaf      0x21d Drivers/STM32F0xx_HAL_Driver/stm32f0xx_hal_rcc.o

.debug_aranges  0x00000000      0x2a0
 .debug_aranges
                0x00000000       0x28 Application/SW4STM32/startup_stm32f051x8.o
 .debug_aranges
                0x00000028       0x28 Application/User/main.o
 .debug_aranges
                0x00000050       0x20 Application/User/stm32f0xx_hal_msp.o
 .debug_aranges
                0x00000070       0x20 Application/User/stm32f0xx_it.o
 .debug_aranges
                0x00000090       0x28 Drivers/CMSIS/system_stm32f0xx.o
 .debug_aranges
                0x000000b8       0x98 Drivers/STM32F0xx_HAL_Driver/stm32f0xx_hal.o
 .debug_aranges
                0x00000150       0x78 Drivers/STM32F0xx_HAL_Driver/stm32f0xx_hal_cortex.o
 .debug_aranges
                0x000001c8       0x58 Drivers/STM32F0xx_HAL_Driver/stm32f0xx_hal_gpio.o
 .debug_aranges
                0x00000220       0x80 Drivers/STM32F0xx_HAL_Driver/stm32f0xx_hal_rcc.o

.debug_ranges   0x00000000      0x388
 .debug_ranges  0x00000000       0x20 Application/SW4STM32/startup_stm32f051x8.o
 .debug_ranges  0x00000020       0x60 Application/User/main.o
 .debug_ranges  0x00000080       0x50 Application/User/stm32f0xx_hal_msp.o
 .debug_ranges  0x000000d0       0x10 Application/User/stm32f0xx_it.o
 .debug_ranges  0x000000e0       0x18 Drivers/CMSIS/system_stm32f0xx.o
 .debug_ranges  0x000000f8       0x88 Drivers/STM32F0xx_HAL_Driver/stm32f0xx_hal.o
 .debug_ranges  0x00000180       0xe8 Drivers/STM32F0xx_HAL_Driver/stm32f0xx_hal_cortex.o
 .debug_ranges  0x00000268       0x68 Drivers/STM32F0xx_HAL_Driver/stm32f0xx_hal_gpio.o
 .debug_ranges  0x000002d0       0xb8 Drivers/STM32F0xx_HAL_Driver/stm32f0xx_hal_rcc.o

.debug_loc      0x00000000      0xc95
 .debug_loc     0x00000000       0x4f Application/User/main.o
 .debug_loc     0x0000004f      0x107 Drivers/CMSIS/system_stm32f0xx.o
 .debug_loc     0x00000156       0x6a Drivers/STM32F0xx_HAL_Driver/stm32f0xx_hal.o
 .debug_loc     0x000001c0      0x3da Drivers/STM32F0xx_HAL_Driver/stm32f0xx_hal_cortex.o
 .debug_loc     0x0000059a      0x2c5 Drivers/STM32F0xx_HAL_Driver/stm32f0xx_hal_gpio.o
 .debug_loc     0x0000085f      0x436 Drivers/STM32F0xx_HAL_Driver/stm32f0xx_hal_rcc.o

.debug_macro    0x00000000     0xbcdc
 .debug_macro   0x00000000      0x291 Application/User/main.o
 .debug_macro   0x00000291      0x838 Application/User/main.o
 .debug_macro   0x00000ac9       0x92 Application/User/main.o
 .debug_macro   0x00000b5b       0x2e Application/User/main.o
 .debug_macro   0x00000b89       0x22 Application/User/main.o
 .debug_macro   0x00000bab       0x22 Application/User/main.o
 .debug_macro   0x00000bcd       0x44 Application/User/main.o
 .debug_macro   0x00000c11       0xfd Application/User/main.o
 .debug_macro   0x00000d0e       0x22 Application/User/main.o
 .debug_macro   0x00000d30      0x1df Application/User/main.o
 .debug_macro   0x00000f0f       0x34 Application/User/main.o
 .debug_macro   0x00000f43       0x26 Application/User/main.o
 .debug_macro   0x00000f69      0x30d Application/User/main.o
 .debug_macro   0x00001276     0x44bb Application/User/main.o
 .debug_macro   0x00005731       0x3c Application/User/main.o
 .debug_macro   0x0000576d     0x3295 Application/User/main.o
 .debug_macro   0x00008a02       0x58 Application/User/main.o
 .debug_macro   0x00008a5a       0x35 Application/User/main.o
 .debug_macro   0x00008a8f       0x9c Application/User/main.o
 .debug_macro   0x00008b2b       0x16 Application/User/main.o
 .debug_macro   0x00008b41       0x97 Application/User/main.o
 .debug_macro   0x00008bd8      0x329 Application/User/main.o
 .debug_macro   0x00008f01       0xfd Application/User/main.o
 .debug_macro   0x00008ffe       0x10 Application/User/main.o
 .debug_macro   0x0000900e       0x52 Application/User/main.o
 .debug_macro   0x00009060       0x16 Application/User/main.o
 .debug_macro   0x00009076       0x43 Application/User/main.o
 .debug_macro   0x000090b9      0x187 Application/User/main.o
 .debug_macro   0x00009240       0x10 Application/User/main.o
 .debug_macro   0x00009250       0x22 Application/User/main.o
 .debug_macro   0x00009272       0x3a Application/User/main.o
 .debug_macro   0x000092ac       0x10 Application/User/main.o
 .debug_macro   0x000092bc       0x40 Application/User/main.o
 .debug_macro   0x000092fc       0x65 Application/User/main.o
 .debug_macro   0x00009361       0x16 Application/User/main.o
 .debug_macro   0x00009377      0x197 Application/User/main.o
 .debug_macro   0x0000950e       0x49 Application/User/main.o
 .debug_macro   0x00009557      0x93d Application/User/main.o
 .debug_macro   0x00009e94      0x25f Application/User/main.o
 .debug_macro   0x0000a0f3      0x13a Application/User/main.o
 .debug_macro   0x0000a22d      0x114 Application/User/main.o
 .debug_macro   0x0000a341      0x1d8 Application/User/main.o
 .debug_macro   0x0000a519       0x2d Application/User/main.o
 .debug_macro   0x0000a546       0x43 Application/User/main.o
 .debug_macro   0x0000a589       0x29 Application/User/main.o
 .debug_macro   0x0000a5b2       0xb6 Application/User/main.o
 .debug_macro   0x0000a668      0x199 Application/User/main.o
 .debug_macro   0x0000a801       0x4d Application/User/main.o
 .debug_macro   0x0000a84e      0x111 Application/User/main.o
 .debug_macro   0x0000a95f      0x10d Application/User/main.o
 .debug_macro   0x0000aa6c      0x291 Application/User/stm32f0xx_hal_msp.o
 .debug_macro   0x0000acfd      0x29b Application/User/stm32f0xx_it.o
 .debug_macro   0x0000af98      0x291 Drivers/CMSIS/system_stm32f0xx.o
 .debug_macro   0x0000b229      0x2b5 Drivers/STM32F0xx_HAL_Driver/stm32f0xx_hal.o
 .debug_macro   0x0000b4de      0x291 Drivers/STM32F0xx_HAL_Driver/stm32f0xx_hal_cortex.o
 .debug_macro   0x0000b76f      0x2ca Drivers/STM32F0xx_HAL_Driver/stm32f0xx_hal_gpio.o
 .debug_macro   0x0000ba39      0x2a3 Drivers/STM32F0xx_HAL_Driver/stm32f0xx_hal_rcc.o

.debug_str      0x00000000    0x47089
 .debug_str     0x00000000    0x464af Application/User/main.o
                              0x46807 (size before relaxing)
 .debug_str     0x000464af       0x76 Application/User/stm32f0xx_hal_msp.o
                              0x46573 (size before relaxing)
 .debug_str     0x00046525       0xaa Application/User/stm32f0xx_it.o
                              0x46371 (size before relaxing)
 .debug_str     0x000465cf       0xe8 Drivers/CMSIS/system_stm32f0xx.o
                              0x46436 (size before relaxing)
 .debug_str     0x000466b7      0x30b Drivers/STM32F0xx_HAL_Driver/stm32f0xx_hal.o
                              0x468de (size before relaxing)
 .debug_str     0x000469c2      0x214 Drivers/STM32F0xx_HAL_Driver/stm32f0xx_hal_cortex.o
                              0x467be (size before relaxing)
 .debug_str     0x00046bd6      0x279 Drivers/STM32F0xx_HAL_Driver/stm32f0xx_hal_gpio.o
                              0x466c6 (size before relaxing)
 .debug_str     0x00046e4f      0x23a Drivers/STM32F0xx_HAL_Driver/stm32f0xx_hal_rcc.o
                              0x46816 (size before relaxing)

.comment        0x00000000       0x6e
 .comment       0x00000000       0x6e Application/User/main.o
                                 0x6f (size before relaxing)
 .comment       0x0000006e       0x6f Application/User/stm32f0xx_hal_msp.o
 .comment       0x0000006e       0x6f Application/User/stm32f0xx_it.o
 .comment       0x0000006e       0x6f Drivers/CMSIS/system_stm32f0xx.o
 .comment       0x0000006e       0x6f Drivers/STM32F0xx_HAL_Driver/stm32f0xx_hal.o
 .comment       0x0000006e       0x6f Drivers/STM32F0xx_HAL_Driver/stm32f0xx_hal_cortex.o
 .comment       0x0000006e       0x6f Drivers/STM32F0xx_HAL_Driver/stm32f0xx_hal_gpio.o
 .comment       0x0000006e       0x6f Drivers/STM32F0xx_HAL_Driver/stm32f0xx_hal_rcc.o

.debug_frame    0x00000000      0x574
 .debug_frame   0x00000000       0x4c Application/User/main.o
 .debug_frame   0x0000004c       0x2c Application/User/stm32f0xx_hal_msp.o
 .debug_frame   0x00000078       0x28 Application/User/stm32f0xx_it.o
 .debug_frame   0x000000a0       0x3c Drivers/CMSIS/system_stm32f0xx.o
 .debug_frame   0x000000dc      0x144 Drivers/STM32F0xx_HAL_Driver/stm32f0xx_hal.o
 .debug_frame   0x00000220       0xe4 Drivers/STM32F0xx_HAL_Driver/stm32f0xx_hal_cortex.o
 .debug_frame   0x00000304       0xc0 Drivers/STM32F0xx_HAL_Driver/stm32f0xx_hal_gpio.o
 .debug_frame   0x000003c4      0x13c Drivers/STM32F0xx_HAL_Driver/stm32f0xx_hal_rcc.o
 .debug_frame   0x00000500       0x20 d:/ac6/systemworkbench/plugins/fr.ac6.mcu.externaltools.arm-none.win32_1.7.0.201602121829/tools/compiler/bin/../lib/gcc/arm-none-eabi/5.2.1/armv6-m\libgcc.a(_udivsi3.o)
 .debug_frame   0x00000520       0x2c d:/ac6/systemworkbench/plugins/fr.ac6.mcu.externaltools.arm-none.win32_1.7.0.201602121829/tools/compiler/bin/../lib/gcc/arm-none-eabi/5.2.1/../../../../arm-none-eabi/lib/armv6-m\libc_nano.a(lib_a-init.o)
 .debug_frame   0x0000054c       0x28 d:/ac6/systemworkbench/plugins/fr.ac6.mcu.externaltools.arm-none.win32_1.7.0.201602121829/tools/compiler/bin/../lib/gcc/arm-none-eabi/5.2.1/../../../../arm-none-eabi/lib/armv6-m\libc_nano.a(lib_a-memcpy-stub.o)
